PH config NULL "/home/jaxc/Desktop/git repo/grlib-gpl-1.3.7-b4144/designs/leon3-digilent-nexys3/../../lib/grlib/stdlib/config.vhd" sub00/vhpl02 1420621783
PH version NULL "/home/jaxc/Desktop/git repo/grlib-gpl-1.3.7-b4144/designs/leon3-digilent-nexys3/../../lib/grlib/stdlib/version.vhd" sub00/vhpl00 1420621781
PB amba amba "/home/jaxc/Desktop/git repo/grlib-gpl-1.3.7-b4144/designs/leon3-digilent-nexys3/../../lib/grlib/amba/amba.vhd" sub00/vhpl06 1420621789
PH devices NULL "/home/jaxc/Desktop/git repo/grlib-gpl-1.3.7-b4144/designs/leon3-digilent-nexys3/../../lib/grlib/amba/devices.vhd" sub00/vhpl07 1420621790
PH stdlib NULL "/home/jaxc/Desktop/git repo/grlib-gpl-1.3.7-b4144/designs/leon3-digilent-nexys3/../../lib/grlib/stdlib/stdlib.vhd" sub00/vhpl03 1420621784
PH config_types NULL "/home/jaxc/Desktop/git repo/grlib-gpl-1.3.7-b4144/designs/leon3-digilent-nexys3/../../lib/grlib/stdlib/config_types.vhd" sub00/vhpl01 1420621782
PB stdlib stdlib "/home/jaxc/Desktop/git repo/grlib-gpl-1.3.7-b4144/designs/leon3-digilent-nexys3/../../lib/grlib/stdlib/stdlib.vhd" sub00/vhpl04 1420621785
PH amba NULL "/home/jaxc/Desktop/git repo/grlib-gpl-1.3.7-b4144/designs/leon3-digilent-nexys3/../../lib/grlib/amba/amba.vhd" sub00/vhpl05 1420621788
