AR top beh C:/Dropbox/github/musicplayer/project/Musicplayer/top.vhd sub00/vhpl11 1392309499
EN wav_tb NULL C:/Dropbox/github/musicplayer/project/Musicplayer/WAV_TB.vhd sub00/vhpl14 1392226296
AR sdraminterface interface C:/Dropbox/github/musicplayer/project/Musicplayer/SDRAMInterface.vhd sub00/vhpl07 1392309495
PB functions functions C:/Dropbox/github/musicplayer/project/Musicplayer/functions.vhd sub00/vhpl01 1392309488
EN sampleena NULL C:/Dropbox/github/musicplayer/project/Musicplayer/SampleENA.vhd sub00/vhpl02 1392309490
EN sdraminterface NULL C:/Dropbox/github/musicplayer/project/Musicplayer/SDRAMInterface.vhd sub00/vhpl06 1392309494
AR controlunit control C:/Dropbox/github/musicplayer/project/Musicplayer/controlunit.vhd sub00/vhpl09 1392309497
AR memory mem C:/Dropbox/github/musicplayer/project/Musicplayer/memory.vhd sub00/vhpl13 1392226293
AR decoder2 stuff C:/Dropbox/github/musicplayer/project/Musicplayer/Decoder2.vhd sub00/vhpl05 1392309493
EN top NULL C:/Dropbox/github/musicplayer/project/Musicplayer/top.vhd sub00/vhpl10 1392309498
EN memory NULL C:/Dropbox/github/musicplayer/project/Musicplayer/memory.vhd sub00/vhpl12 1392226292
PH modules NULL C:/Dropbox/github/musicplayer/project/Musicplayer/modules.vhd sub00/vhpl15 1392309489
EN decoder2 NULL C:/Dropbox/github/musicplayer/project/Musicplayer/Decoder2.vhd sub00/vhpl04 1392309492
AR sampleena behavioral C:/Dropbox/github/musicplayer/project/Musicplayer/SampleENA.vhd sub00/vhpl03 1392309491
EN controlunit NULL C:/Dropbox/github/musicplayer/project/Musicplayer/controlunit.vhd sub00/vhpl08 1392309496
PH functions NULL C:/Dropbox/github/musicplayer/project/Musicplayer/functions.vhd sub00/vhpl00 1392309487
