AR top beh D:/Dropbox/Dropbox/project/Musicplayer/top.vhd sub00/vhpl09 1390233930
PB functions functions D:/Dropbox/Dropbox/project/Musicplayer/functions.vhd sub00/vhpl01 1390233922
EN sdraminterface NULL D:/Dropbox/Dropbox/project/Musicplayer/SDRAMInterface.vhd sub00/vhpl06 1390233927
EN sampleena NULL D:/Dropbox/Dropbox/project/Musicplayer/SampleENA.vhd sub00/vhpl04 1390233925
EN top NULL D:/Dropbox/Dropbox/project/Musicplayer/top.vhd sub00/vhpl08 1390233929
AR decoder stuff D:/Dropbox/Dropbox/project/Musicplayer/decoder.vhd sub00/vhpl03 1390233924
AR sampleena behavioral D:/Dropbox/Dropbox/project/Musicplayer/SampleENA.vhd sub00/vhpl05 1390233926
AR sdraminterface interface D:/Dropbox/Dropbox/project/Musicplayer/SDRAMInterface.vhd sub00/vhpl07 1390233928
EN decoder NULL D:/Dropbox/Dropbox/project/Musicplayer/decoder.vhd sub00/vhpl02 1390233923
PH functions NULL D:/Dropbox/Dropbox/project/Musicplayer/functions.vhd sub00/vhpl00 1390233921
