AR top beh D:/Dropbox/Dropbox/github/musicplayer/project/Musicplayer/top.vhd sub00/vhpl09 1390580021
AR decoder2 stuff D:/Dropbox/Dropbox/github/musicplayer/project/Musicplayer/Decoder2.vhd sub00/vhpl11 1390580015
PB functions functions D:/Dropbox/Dropbox/github/musicplayer/project/Musicplayer/functions.vhd sub00/vhpl01 1390580011
EN sdraminterface NULL D:/Dropbox/Dropbox/github/musicplayer/project/Musicplayer/SDRAMInterface.vhd sub00/vhpl06 1390580016
EN sampleena NULL D:/Dropbox/Dropbox/github/musicplayer/project/Musicplayer/SampleENA.vhd sub00/vhpl04 1390580012
EN top NULL D:/Dropbox/Dropbox/github/musicplayer/project/Musicplayer/top.vhd sub00/vhpl08 1390580020
AR controlunit control D:/Dropbox/Dropbox/github/musicplayer/project/Musicplayer/controlunit.vhd sub00/vhpl13 1390580019
EN decoder2 NULL D:/Dropbox/Dropbox/github/musicplayer/project/Musicplayer/Decoder2.vhd sub00/vhpl10 1390580014
EN controlunit NULL D:/Dropbox/Dropbox/github/musicplayer/project/Musicplayer/controlunit.vhd sub00/vhpl12 1390580018
AR decoder stuff D:/Dropbox/Dropbox/project/Musicplayer/decoder.vhd sub00/vhpl03 1390233924
AR sampleena behavioral D:/Dropbox/Dropbox/github/musicplayer/project/Musicplayer/SampleENA.vhd sub00/vhpl05 1390580013
AR sdraminterface interface D:/Dropbox/Dropbox/github/musicplayer/project/Musicplayer/SDRAMInterface.vhd sub00/vhpl07 1390580017
EN decoder NULL D:/Dropbox/Dropbox/project/Musicplayer/decoder.vhd sub00/vhpl02 1390233923
PH functions NULL D:/Dropbox/Dropbox/github/musicplayer/project/Musicplayer/functions.vhd sub00/vhpl00 1390580010
