V3 18
FL D:/Dropbox/Dropbox/project/Musicplayer/decoder.vhd 2014/01/20.17:04:36 P.20131013
EN work/decoder 1390233923 FL D:/Dropbox/Dropbox/project/Musicplayer/decoder.vhd \
      PB ieee/std_logic_1164 1381692176 PB ieee/NUMERIC_STD 1381692181
AR work/decoder/stuff 1390233924 \
      FL D:/Dropbox/Dropbox/project/Musicplayer/decoder.vhd EN work/decoder 1390233923
FL D:/Dropbox/Dropbox/project/Musicplayer/functions.vhd 2014/01/09.13:30:42 P.20131013
PH work/functions 1390233921 \
      FL D:/Dropbox/Dropbox/project/Musicplayer/functions.vhd \
      PB ieee/std_logic_1164 1381692176 PB ieee/NUMERIC_STD 1381692181 \
      PB std/TEXTIO 1381692176
PB work/functions 1390233922 \
      FL D:/Dropbox/Dropbox/project/Musicplayer/functions.vhd PH work/functions 1390233921
FL D:/Dropbox/Dropbox/project/Musicplayer/SampleENA.vhd 2014/01/15.18:01:35 P.20131013
EN work/SampleENA 1390233925 \
      FL D:/Dropbox/Dropbox/project/Musicplayer/SampleENA.vhd \
      PB ieee/std_logic_1164 1381692176 PB ieee/NUMERIC_STD 1381692181
AR work/SampleENA/Behavioral 1390233926 \
      FL D:/Dropbox/Dropbox/project/Musicplayer/SampleENA.vhd EN work/SampleENA 1390233925
FL D:/Dropbox/Dropbox/project/Musicplayer/SDRAMInterface.vhd 2014/01/20.16:37:41 P.20131013
EN work/SDRAMInterface 1390233927 \
      FL D:/Dropbox/Dropbox/project/Musicplayer/SDRAMInterface.vhd \
      PB ieee/std_logic_1164 1381692176 PB ieee/NUMERIC_STD 1381692181 \
      PB work/functions 1390233922
AR work/SDRAMInterface/interface 1390233928 \
      FL D:/Dropbox/Dropbox/project/Musicplayer/SDRAMInterface.vhd \
      EN work/SDRAMInterface 1390233927
FL D:/Dropbox/Dropbox/project/Musicplayer/top.vhd 2014/01/17.21:35:19 P.20131013
EN work/top 1390233929 FL D:/Dropbox/Dropbox/project/Musicplayer/top.vhd \
      PB ieee/std_logic_1164 1381692176 PB work/functions 1390233922
AR work/top/beh 1390233930 \
      FL D:/Dropbox/Dropbox/project/Musicplayer/top.vhd EN work/top 1390233929 \
      CP decoder CP SampleENA CP SDRAMInterface
