V3 44
FL C:/Dropbox/github/musicplayer/project/Musicplayer/controlunit.vhd 2014/02/13.17:38:02 P.20131013
EN work/controlunit 1392309496 \
      FL C:/Dropbox/github/musicplayer/project/Musicplayer/controlunit.vhd \
      PB ieee/std_logic_1164 1381692176 PB ieee/NUMERIC_STD 1381692181
AR work/controlunit/control 1392309497 \
      FL C:/Dropbox/github/musicplayer/project/Musicplayer/controlunit.vhd \
      EN work/controlunit 1392309496
FL C:/Dropbox/github/musicplayer/project/Musicplayer/Decoder2.vhd 2014/02/12.18:31:48 P.20131013
EN work/decoder2 1392309492 \
      FL C:/Dropbox/github/musicplayer/project/Musicplayer/Decoder2.vhd \
      PB ieee/std_logic_1164 1381692176 PB ieee/NUMERIC_STD 1381692181
AR work/decoder2/stuff 1392309493 \
      FL C:/Dropbox/github/musicplayer/project/Musicplayer/Decoder2.vhd \
      EN work/decoder2 1392309492
FL C:/Dropbox/github/musicplayer/project/Musicplayer/functions.vhd 2014/01/29.20:10:15 P.20131013
PH work/functions 1392309487 \
      FL C:/Dropbox/github/musicplayer/project/Musicplayer/functions.vhd \
      PB ieee/std_logic_1164 1381692176 PB ieee/NUMERIC_STD 1381692181 \
      PB std/TEXTIO 1381692176
PB work/functions 1392309488 \
      FL C:/Dropbox/github/musicplayer/project/Musicplayer/functions.vhd \
      PH work/functions 1392309487
FL C:/Dropbox/github/musicplayer/project/Musicplayer/memory.vhd 2014/01/29.20:09:08 P.20131013
EN work/memory 1392226292 \
      FL C:/Dropbox/github/musicplayer/project/Musicplayer/memory.vhd \
      PB ieee/std_logic_1164 1381692176 PB ieee/NUMERIC_STD 1381692181 \
      PB std/TEXTIO 1381692176 PB work/functions 1392309488
AR work/memory/mem 1392226293 \
      FL C:/Dropbox/github/musicplayer/project/Musicplayer/memory.vhd \
      EN work/memory 1392226292
FL C:/Dropbox/github/musicplayer/project/Musicplayer/modules.vhd 2014/02/12.20:51:26 P.20131013
PH work/modules 1392309489 \
      FL C:/Dropbox/github/musicplayer/project/Musicplayer/modules.vhd \
      PB ieee/std_logic_1164 1381692176 CD SDRAMInterface CD decoder CD decoder2 \
      CD controlunit CD memory CD SampleENA
FL C:/Dropbox/github/musicplayer/project/Musicplayer/SampleENA.vhd 2014/01/15.18:01:35 P.20131013
EN work/SampleENA 1392309490 \
      FL C:/Dropbox/github/musicplayer/project/Musicplayer/SampleENA.vhd \
      PB ieee/std_logic_1164 1381692176 PB ieee/NUMERIC_STD 1381692181
AR work/SampleENA/Behavioral 1392309491 \
      FL C:/Dropbox/github/musicplayer/project/Musicplayer/SampleENA.vhd \
      EN work/SampleENA 1392309490
FL C:/Dropbox/github/musicplayer/project/Musicplayer/SDRAMInterface.vhd 2014/01/29.20:58:29 P.20131013
EN work/SDRAMInterface 1392309494 \
      FL C:/Dropbox/github/musicplayer/project/Musicplayer/SDRAMInterface.vhd \
      PB ieee/std_logic_1164 1381692176 PB ieee/NUMERIC_STD 1381692181 \
      PB work/functions 1392309488
AR work/SDRAMInterface/interface 1392309495 \
      FL C:/Dropbox/github/musicplayer/project/Musicplayer/SDRAMInterface.vhd \
      EN work/SDRAMInterface 1392309494
FL C:/Dropbox/github/musicplayer/project/Musicplayer/top.vhd 2014/02/13.15:12:47 P.20131013
EN work/top 1392309498 \
      FL C:/Dropbox/github/musicplayer/project/Musicplayer/top.vhd \
      PB ieee/std_logic_1164 1381692176 PB work/functions 1392309488 \
      PH work/modules 1392309489
AR work/top/beh 1392309499 \
      FL C:/Dropbox/github/musicplayer/project/Musicplayer/top.vhd EN work/top 1392309498 \
      CP SampleENA CP decoder2 CP SDRAMInterface CP controlunit
FL C:/Dropbox/github/musicplayer/project/Musicplayer/WAV_TB.vhd 2014/02/12.17:56:16 P.20131013
EN work/WAV_TB 0 FL C:/Dropbox/github/musicplayer/project/Musicplayer/WAV_TB.vhd \
      PB ieee/std_logic_1164 1381692176 PB ieee/NUMERIC_STD 1381692181 \
      PB std/TEXTIO 1381692176 PB work/functions 1392309488
AR work/WAV_TB/TESTBENCH 0 \
      FL C:/Dropbox/github/musicplayer/project/Musicplayer/WAV_TB.vhd \
      EN work/WAV_TB 0 CP memory CP top
FL D:/Dropbox/Dropbox/github/musicplayer/project/Musicplayer/controlunit.vhd 2014/01/29.21:00:56 P.20131013
FL D:/Dropbox/Dropbox/github/musicplayer/project/Musicplayer/Decoder2.vhd 2014/01/29.21:15:00 P.20131013
FL D:/Dropbox/Dropbox/github/musicplayer/project/Musicplayer/functions.vhd 2014/01/29.20:10:15 P.20131013
FL D:/Dropbox/Dropbox/github/musicplayer/project/Musicplayer/SampleENA.vhd 2014/01/15.18:01:35 P.20131013
FL D:/Dropbox/Dropbox/github/musicplayer/project/Musicplayer/SDRAMInterface.vhd 2014/01/29.20:58:29 P.20131013
FL D:/Dropbox/Dropbox/github/musicplayer/project/Musicplayer/top.vhd 2014/01/30.12:36:46 P.20131013
